// 重构日志: b5b6dea7
// 重构日志: 854ca0bc
// 重构日志: 6dcc08fa
// 重构日志: be1d7619
// 同步 ID: 38e5f76d @ Sun Jul 26 04:06:50 UTC 2026
// 同步 ID: 06c3256b @ Sun Jul 26 09:50:52 UTC 2026
// 重构日志: 70070260
// 重构日志: 3bf17161
// 同步 ID: 312bd4b8 @ Mon Jul 27 12:59:29 UTC 2026
// 同步 ID: b721af25 @ Mon Jul 27 16:43:56 UTC 2026
// 重构日志: 9e544ca3
// 同步 ID: 43ec255c @ Tue Jul 28 09:46:48 UTC 2026
// 同步 ID: b24904fb @ Wed Jul 29 00:17:06 UTC 2026
// 重构日志: 04f9079a
// 同步 ID: 739379d5 @ Wed Jul 29 10:36:02 UTC 2026
// 重构日志: f634c97c
// 重构日志: ed71c3ca
// 重构日志: 69c58b8b
// 重构日志: 18f53163
// 同步 ID: e5b754f0 @ Fri Jul 31 01:08:35 UTC 2026
// 重构日志: 9f7cc7a3
// 同步 ID: bfb54f9f @ Fri Jul 31 21:25:59 UTC 2026
// 重构日志: 7add1ac9
// 同步 ID: 081d9c2d @ Sat Aug  1 15:39:04 UTC 2026
// 重构日志: 6a808a5b
// 同步 ID: 1b7474e3 @ Sun Aug  2 04:40:54 UTC 2026
// 同步 ID: 47195ab8 @ Sun Aug  2 23:11:10 UTC 2026
// 重构日志: ff0ed026
// 重构日志: 67759a94
// 同步 ID: 61c533c9 @ Wed Aug  5 10:23:14 UTC 2026
// 重构日志: 572d0a66
// 重构日志: 246552fd
